  pair 1/50  (4s)
  pair 11/50  (43s)
  pair 21/50  (82s)
  pair 31/50  (122s)
  pair 41/50  (165s)
  pair 50/50  (202s)
  analysis pyramid_rot8: 259s
/Users/eugene/prj/sar/sarsim/viz.py:52: UserWarning: Glyph 8594 (\N{RIGHTWARDS ARROW}) missing from font(s) Helvetica Neue.
  fig.savefig(path)
/Users/eugene/prj/sar/experiments/t01_static_pyramid.py:34: UserWarning: Glyph 7476 (\N{MODIFIER LETTER CAPITAL H}) missing from font(s) Helvetica Neue.
  fig.tight_layout(h_pad=1.2)
/Users/eugene/prj/sar/sarsim/viz.py:52: UserWarning: Glyph 7476 (\N{MODIFIER LETTER CAPITAL H}) missing from font(s) Helvetica Neue.
  fig.savefig(path)
/Users/eugene/prj/sar/experiments/t01_static_pyramid.py:91: UserWarning: Glyph 8594 (\N{RIGHTWARDS ARROW}) missing from font(s) Helvetica Neue.
  fig.tight_layout()
/Users/eugene/prj/sar/sarsim/viz.py:52: UserWarning: Glyph 8594 (\N{RIGHTWARDS ARROW}) missing from font(s) Helvetica Neue.
  fig.savefig(path)
wrote /Users/eugene/prj/sar/results/t01_static_pyramid/summary.json
{
 "grid_pixels": 54000,
 "runtime_s": 258.80866980552673,
 "mean_best_adjR2_pyramid": 0.30645185708999634,
 "mean_best_adjR2_desert": 0.3080204129219055,
 "frac_adjR2_gt_0p5_pyramid": 0.013728078446162549,
 "frac_adjR2_gt_0p5_desert": 0.01346188830271057,
 "trajectory_rms_px": 0.007339921294636644,
 "trajectory_rms_mm": 1.834980323659161,
 "scatterers": 348713
}
  pair 1/50  (4s)
  pair 11/50  (46s)
  pair 21/50  (86s)
  pair 31/50  (126s)
  pair 41/50  (166s)
  pair 50/50  (202s)
  analysis desert: 260s
/Users/eugene/prj/sar/experiments/t01_static_pyramid.py:34: UserWarning: Glyph 7476 (\N{MODIFIER LETTER CAPITAL H}) missing from font(s) Helvetica Neue.
  fig.tight_layout(h_pad=1.2)
/Users/eugene/prj/sar/sarsim/viz.py:52: UserWarning: Glyph 7476 (\N{MODIFIER LETTER CAPITAL H}) missing from font(s) Helvetica Neue.
  fig.savefig(path)
wrote /Users/eugene/prj/sar/results/t02_desert_null/summary.json
{
 "mean_best_adjR2_pyramid": 0.30645185708999634,
 "mean_best_adjR2_desert_scene": 0.30577531456947327,
 "frac_gt_0p5_pyramid": 0.013728078446162549,
 "frac_gt_0p5_desert_scene": 0.013092592592592593,
 "ks_statistic": 0.009612881597418688,
 "ks_pvalue": 0.074280704560997,
 "runtime_s": 259.97252202033997,
 "trajectory_rms_px_desert": 0.006491091789105842,
 "trajectory_rms_px_pyramid": 0.007339921294636644
}
