/Users/eugene/prj/sar/experiments/t03_mechanism.py:71: UserWarning: Glyph 7476 (\N{MODIFIER LETTER CAPITAL H}) missing from font(s) Helvetica Neue.
  fig.tight_layout()
/Users/eugene/prj/sar/sarsim/viz.py:52: UserWarning: Glyph 7476 (\N{MODIFIER LETTER CAPITAL H}) missing from font(s) Helvetica Neue.
  fig.savefig(path)
  synthesized wall_v0: 14400 scatterers in 0s
  synthesized wall_v1: 14400 scatterers in 0s
  synthesized wall_v2: 20088 scatterers in 1s
  synthesized wall_rot0: 14400 scatterers in 0s
  synthesized wall_rot15: 14400 scatterers in 0s
  synthesized wall_rot30: 14400 scatterers in 0s
wrote /Users/eugene/prj/sar/results/t03_mechanism/summary.json
{
 "depth_per_metre_separation": 8.86215107245308,
 "two_scatterers": [
  {
   "separation_m": 1.0,
   "predicted_depth_m": 8.86215107245308,
   "measured_depth_m": 7.73665788625154
  },
  {
   "separation_m": 2.0,
   "predicted_depth_m": 17.72430214490616,
   "measured_depth_m": 16.33294442653103
  },
  {
   "separation_m": 3.0,
   "predicted_depth_m": 26.586453217359242,
   "measured_depth_m": 27.508116928894363
  },
  {
   "separation_m": 4.0,
   "predicted_depth_m": 35.44860428981232,
   "measured_depth_m": 36.10440346917385
  }
 ],
 "wall": [
  {
   "variant": "ideal: identical courses 0.79 m apart",
   "dominant_depth_m": 67.91066366820796
  },
  {
   "variant": "random block amplitudes (\u03c3 = 0.5 ln)",
   "dominant_depth_m": 21.49071635069872
  },
  {
   "variant": "random amplitudes + diffuse face scatter",
   "dominant_depth_m": 21.49071635069872
  }
 ],
 "heading": [
  {
   "heading_deg": 0.0,
   "predicted_first_level_m": 7.001099347237934,
   "measured_first_level_m": 20.63108769667077
  },
  {
   "heading_deg": 15.0,
   "predicted_first_level_m": 7.248071390880014,
   "measured_first_level_m": 15.47331577250308
  },
  {
   "heading_deg": 30.0,
   "predicted_first_level_m": 8.08417318550227,
   "measured_first_level_m": 7.73665788625154
  }
 ],
 "runtime_s": 11.387859106063843
}
  synthesized desert: 2176 scatterers in 0s
/Users/eugene/prj/sar/experiments/t04_parameters.py:51: UserWarning: Glyph 8347 (\N{LATIN SUBSCRIPT SMALL LETTER S}) missing from font(s) Helvetica Neue.
  fig.tight_layout()
/Users/eugene/prj/sar/experiments/t04_parameters.py:51: UserWarning: Glyph 8594 (\N{RIGHTWARDS ARROW}) missing from font(s) Helvetica Neue.
  fig.tight_layout()
/Users/eugene/prj/sar/sarsim/viz.py:52: UserWarning: Glyph 8347 (\N{LATIN SUBSCRIPT SMALL LETTER S}) missing from font(s) Helvetica Neue.
  fig.savefig(path)
/Users/eugene/prj/sar/sarsim/viz.py:52: UserWarning: Glyph 8594 (\N{RIGHTWARDS ARROW}) missing from font(s) Helvetica Neue.
  fig.savefig(path)
wrote /Users/eugene/prj/sar/results/t04_parameters/summary.json
{
 "patch": [
  {
   "patch_px": 16,
   "patch_m": 4.0,
   "spectral_centroid_m": 70.22039606837934,
   "depth_of_patch_width_m": 35.44860428981232
  },
  {
   "patch_px": 32,
   "patch_m": 8.0,
   "spectral_centroid_m": 68.12555394153168,
   "depth_of_patch_width_m": 70.89720857962465
  },
  {
   "patch_px": 64,
   "patch_m": 16.0,
   "spectral_centroid_m": 69.8879627074248,
   "depth_of_patch_width_m": 141.7944171592493
  }
 ],
 "grid": [
  {
   "snap_bins": false,
   "peak_depth_m": 69.60984018762599,
   "peak_to_median": 1.3443397946329483
  },
  {
   "snap_bins": true,
   "peak_depth_m": 83.38397944071103,
   "peak_to_median": 1.2444013188753333
  }
 ],
 "runtime_s": 66.12752485275269
}
  f=0.1 Hz: SNR [0.4 0.4 0.4 0.4 0.4 0.4 0.4 0.5 0.5]
  f=0.25 Hz: SNR [0.4 0.4 0.4 0.4 0.4 0.4 0.4 0.4 0.5]
  f=0.5 Hz: SNR [0.4 0.4 0.4 0.4 0.4 0.4 0.4 0.4 0.6]
  f=1.0 Hz: SNR [0.4 0.4 0.4 0.4 0.4 0.4 0.5 0.6 0.8]
  f=2.0 Hz: SNR [0.4 0.4 0.4 0.4 0.4 0.4 0.5 0.9 2. ]
  f=5.0 Hz: SNR [0.4 0.4 0.4 0.4 0.4 0.5 0.9 2.6 1.6]
/Users/eugene/prj/sar/experiments/t05_motion.py:72: UserWarning: Tight layout not applied. The bottom and top margins cannot be made large enough to accommodate all Axes decorations.
  fig.tight_layout()
/Users/eugene/prj/sar/experiments/t05_motion.py:87: UserWarning: Glyph 8594 (\N{RIGHTWARDS ARROW}) missing from font(s) Helvetica Neue.
  fig.tight_layout()
wrote /Users/eugene/prj/sar/results/t05_motion/summary.json
{
 "thresholds": [
  {
   "freq_hz": 0.1,
   "threshold_amp_m": null,
   "max_snr": 0.5140534235934492
  },
  {
   "freq_hz": 0.25,
   "threshold_amp_m": null,
   "max_snr": 0.5092973144762626
  },
  {
   "freq_hz": 0.5,
   "threshold_amp_m": null,
   "max_snr": 0.5573194411958153
  },
  {
   "freq_hz": 1.0,
   "threshold_amp_m": null,
   "max_snr": 0.819164785209004
  },
  {
   "freq_hz": 2.0,
   "threshold_amp_m": null,
   "max_snr": 2.0069410542871764
  },
  {
   "freq_hz": 5.0,
   "threshold_amp_m": null,
   "max_snr": 2.551507532497403
  }
 ],
 "depth_rows": [
  {
   "freq_hz": 0.1,
   "predicted_depth_m": 1.0867764057177711,
   "measured_depth_m": 29.227374236950258
  },
  {
   "freq_hz": 0.25,
   "predicted_depth_m": 2.7169410142944277,
   "measured_depth_m": 30.08700289097821
  },
  {
   "freq_hz": 0.5,
   "predicted_depth_m": 5.433882028588855,
   "measured_depth_m": 29.227374236950258
  }
 ]
}
