  f=0.1 Hz: response rms px [0.     0.     0.0001 0.0002 0.0005 0.0017 0.0036]
  f=0.5 Hz: response rms px [0.     0.     0.0001 0.0002 0.0007 0.0019 0.0046]
  f=1.0 Hz: response rms px [0.     0.     0.0001 0.0002 0.0008 0.0022 0.0052]
  f=2.0 Hz: response rms px [0.     0.     0.0001 0.0004 0.0012 0.0034 0.0104]
  f=5.0 Hz: response rms px [0.     0.     0.0003 0.001  0.0033 0.0098 0.0122]
wrote /Users/eugene/prj/sar/results/t05_motion/summary.json
{
 "thresholds": [
  {
   "freq_hz": 0.1,
   "threshold_amp_m": null,
   "max_snr": 1.051634709345419
  },
  {
   "freq_hz": 0.5,
   "threshold_amp_m": null,
   "max_snr": 1.351952627710796
  },
  {
   "freq_hz": 1.0,
   "threshold_amp_m": null,
   "max_snr": 1.5156111033043287
  },
  {
   "freq_hz": 2.0,
   "threshold_amp_m": 0.009859567541941203,
   "max_snr": 3.0395597376367194
  },
  {
   "freq_hz": 5.0,
   "threshold_amp_m": 0.0037893680691471307,
   "max_snr": 3.576764261656045
  }
 ],
 "depth_rows": [
  {
   "freq_hz": 1.0,
   "predicted_depth_m": 10.86776405717771,
   "measured_depth_m": 11.175172502363335
  },
  {
   "freq_hz": 2.0,
   "predicted_depth_m": 21.73552811435542,
   "measured_depth_m": 42.981432701397445
  },
  {
   "freq_hz": 5.0,
   "predicted_depth_m": 54.33882028588855,
   "measured_depth_m": 54.15660520376078
  }
 ],
 "static_rms_px": 0.0034065870136045077
}
